// Jest Snapshot v1, https://goo.gl/fbAQLP

exports[`content of App matches the snapshot 1`] = `
<DocumentFragment>
  <div
    class="App"
  >
    <header
      class="header"
    >
      <div
        class="current-page-title"
      >
        <span
          class="here-text"
        >
          Current page: 
        </span>
        Home
      </div>
      <nav
        class="nav"
      >
        <a
          aria-current="page"
          class="active"
          href="/"
        >
          Home
        </a>
        <a
          class=""
          href="/form"
        >
          Form
        </a>
        <a
          class=""
          href="/api"
        >
          API
        </a>
        <a
          class=""
          href="/about"
        >
          About
        </a>
      </nav>
      <div
        class="theme-selector theme-dark"
      />
    </header>
    <div
      class="main"
    >
      <h1>
        G20 Countries
      </h1>
      <p>
        Filter G20 members by continent:
      </p>
      <form
        class="search"
      >
        <input
          class="search-field"
          id="search"
          name="search"
          placeholder="Enter continent"
          type="text"
          value=""
        />
        <button
          class="search-button"
          style="background: rgb(238, 238, 238); color: rgb(0, 0, 0);"
        >
          Search
        </button>
      </form>
      <div
        class="cards-wrapper"
      >
        <div
          class="card"
        >
          <div
            class="title-wrapper"
          >
            <img
              alt="flag"
              class="flag-image"
              src="Flag_of_United_States.png"
            />
            <p
              class="country"
            >
              United States
            </p>
          </div>
          <p
            class="continent"
          >
            <span
              class="explanation"
            >
              Continent: 
            </span>
            North America
          </p>
          <p
            class="population"
          >
            <span
              class="explanation"
            >
              Population, mln: 
            </span>
            334.8
          </p>
          <p
            class="gdp"
          >
            <span
              class="explanation"
            >
              GDP, $bln: 
            </span>
            21000
          </p>
        </div>
        <div
          class="card"
        >
          <div
            class="title-wrapper"
          >
            <img
              alt="flag"
              class="flag-image"
              src="Flag_of_China.png"
            />
            <p
              class="country"
            >
              China
            </p>
          </div>
          <p
            class="continent"
          >
            <span
              class="explanation"
            >
              Continent: 
            </span>
            Asia
          </p>
          <p
            class="population"
          >
            <span
              class="explanation"
            >
              Population, mln: 
            </span>
            1448.5
          </p>
          <p
            class="gdp"
          >
            <span
              class="explanation"
            >
              GDP, $bln: 
            </span>
            15000
          </p>
        </div>
        <div
          class="card"
        >
          <div
            class="title-wrapper"
          >
            <img
              alt="flag"
              class="flag-image"
              src="Flag_of_Europe.png"
            />
            <p
              class="country"
            >
              Eurean Union
            </p>
          </div>
          <p
            class="continent"
          >
            <span
              class="explanation"
            >
              Continent: 
            </span>
            Europe
          </p>
          <p
            class="population"
          >
            <span
              class="explanation"
            >
              Population, mln: 
            </span>
            450
          </p>
          <p
            class="gdp"
          >
            <span
              class="explanation"
            >
              GDP, $bln: 
            </span>
            13010
          </p>
        </div>
        <div
          class="card"
        >
          <div
            class="title-wrapper"
          >
            <img
              alt="flag"
              class="flag-image"
              src="Flag_of_Japan.png"
            />
            <p
              class="country"
            >
              Japan
            </p>
          </div>
          <p
            class="continent"
          >
            <span
              class="explanation"
            >
              Continent: 
            </span>
            Asia
          </p>
          <p
            class="population"
          >
            <span
              class="explanation"
            >
              Population, mln: 
            </span>
            125.6
          </p>
          <p
            class="gdp"
          >
            <span
              class="explanation"
            >
              GDP, $bln: 
            </span>
            5000
          </p>
        </div>
        <div
          class="card"
        >
          <div
            class="title-wrapper"
          >
            <img
              alt="flag"
              class="flag-image"
              src="Flag_of_Germany.png"
            />
            <p
              class="country"
            >
              Germany
            </p>
          </div>
          <p
            class="continent"
          >
            <span
              class="explanation"
            >
              Continent: 
            </span>
            Europe
          </p>
          <p
            class="population"
          >
            <span
              class="explanation"
            >
              Population, mln: 
            </span>
            83.8
          </p>
          <p
            class="gdp"
          >
            <span
              class="explanation"
            >
              GDP, $bln: 
            </span>
            3850
          </p>
        </div>
        <div
          class="card"
        >
          <div
            class="title-wrapper"
          >
            <img
              alt="flag"
              class="flag-image"
              src="Flag_of_United_Kingdom.png"
            />
            <p
              class="country"
            >
              United Kingdom
            </p>
          </div>
          <p
            class="continent"
          >
            <span
              class="explanation"
            >
              Continent: 
            </span>
            Europe
          </p>
          <p
            class="population"
          >
            <span
              class="explanation"
            >
              Population, mln: 
            </span>
            68.5
          </p>
          <p
            class="gdp"
          >
            <span
              class="explanation"
            >
              GDP, $bln: 
            </span>
            2710
          </p>
        </div>
        <div
          class="card"
        >
          <div
            class="title-wrapper"
          >
            <img
              alt="flag"
              class="flag-image"
              src="Flag_of_France.png"
            />
            <p
              class="country"
            >
              France
            </p>
          </div>
          <p
            class="continent"
          >
            <span
              class="explanation"
            >
              Continent: 
            </span>
            Europe
          </p>
          <p
            class="population"
          >
            <span
              class="explanation"
            >
              Population, mln: 
            </span>
            65.6
          </p>
          <p
            class="gdp"
          >
            <span
              class="explanation"
            >
              GDP, $bln: 
            </span>
            2630
          </p>
        </div>
        <div
          class="card"
        >
          <div
            class="title-wrapper"
          >
            <img
              alt="flag"
              class="flag-image"
              src="Flag_of_India.png"
            />
            <p
              class="country"
            >
              India
            </p>
          </div>
          <p
            class="continent"
          >
            <span
              class="explanation"
            >
              Continent: 
            </span>
            Asia
          </p>
          <p
            class="population"
          >
            <span
              class="explanation"
            >
              Population, mln: 
            </span>
            1406.6
          </p>
          <p
            class="gdp"
          >
            <span
              class="explanation"
            >
              GDP, $bln: 
            </span>
            2600
          </p>
        </div>
        <div
          class="card"
        >
          <div
            class="title-wrapper"
          >
            <img
              alt="flag"
              class="flag-image"
              src="Flag_of_Italy.png"
            />
            <p
              class="country"
            >
              Italy
            </p>
          </div>
          <p
            class="continent"
          >
            <span
              class="explanation"
            >
              Continent: 
            </span>
            Europe
          </p>
          <p
            class="population"
          >
            <span
              class="explanation"
            >
              Population, mln: 
            </span>
            60.3
          </p>
          <p
            class="gdp"
          >
            <span
              class="explanation"
            >
              GDP, $bln: 
            </span>
            1900
          </p>
        </div>
        <div
          class="card"
        >
          <div
            class="title-wrapper"
          >
            <img
              alt="flag"
              class="flag-image"
              src="Flag_of_Canada.png"
            />
            <p
              class="country"
            >
              Canada
            </p>
          </div>
          <p
            class="continent"
          >
            <span
              class="explanation"
            >
              Continent: 
            </span>
            North America
          </p>
          <p
            class="population"
          >
            <span
              class="explanation"
            >
              Population, mln: 
            </span>
            38.4
          </p>
          <p
            class="gdp"
          >
            <span
              class="explanation"
            >
              GDP, $bln: 
            </span>
            1650
          </p>
        </div>
        <div
          class="card"
        >
          <div
            class="title-wrapper"
          >
            <img
              alt="flag"
              class="flag-image"
              src="Flag_of_South_Korea.png"
            />
            <p
              class="country"
            >
              South Korea
            </p>
          </div>
          <p
            class="continent"
          >
            <span
              class="explanation"
            >
              Continent: 
            </span>
            Asia
          </p>
          <p
            class="population"
          >
            <span
              class="explanation"
            >
              Population, mln: 
            </span>
            51.3
          </p>
          <p
            class="gdp"
          >
            <span
              class="explanation"
            >
              GDP, $bln: 
            </span>
            1630
          </p>
        </div>
        <div
          class="card"
        >
          <div
            class="title-wrapper"
          >
            <img
              alt="flag"
              class="flag-image"
              src="Flag_of_Russia.png"
            />
            <p
              class="country"
            >
              Russia
            </p>
          </div>
          <p
            class="continent"
          >
            <span
              class="explanation"
            >
              Continent: 
            </span>
            Europe
          </p>
          <p
            class="population"
          >
            <span
              class="explanation"
            >
              Population, mln: 
            </span>
            145.8
          </p>
          <p
            class="gdp"
          >
            <span
              class="explanation"
            >
              GDP, $bln: 
            </span>
            1480
          </p>
        </div>
        <div
          class="card"
        >
          <div
            class="title-wrapper"
          >
            <img
              alt="flag"
              class="flag-image"
              src="Flag_of_Brazil.png"
            />
            <p
              class="country"
            >
              Brazil
            </p>
          </div>
          <p
            class="continent"
          >
            <span
              class="explanation"
            >
              Continent: 
            </span>
            South America
          </p>
          <p
            class="population"
          >
            <span
              class="explanation"
            >
              Population, mln: 
            </span>
            215.3
          </p>
          <p
            class="gdp"
          >
            <span
              class="explanation"
            >
              GDP, $bln: 
            </span>
            1445
          </p>
        </div>
        <div
          class="card"
        >
          <div
            class="title-wrapper"
          >
            <img
              alt="flag"
              class="flag-image"
              src="Flag_of_Australia.png"
            />
            <p
              class="country"
            >
              Australia
            </p>
          </div>
          <p
            class="continent"
          >
            <span
              class="explanation"
            >
              Continent: 
            </span>
            Australia
          </p>
          <p
            class="population"
          >
            <span
              class="explanation"
            >
              Population, mln: 
            </span>
            26.07
          </p>
          <p
            class="gdp"
          >
            <span
              class="explanation"
            >
              GDP, $bln: 
            </span>
            1330
          </p>
        </div>
        <div
          class="card"
        >
          <div
            class="title-wrapper"
          >
            <img
              alt="flag"
              class="flag-image"
              src="Flag_of_Spain.png"
            />
            <p
              class="country"
            >
              Spain
            </p>
          </div>
          <p
            class="continent"
          >
            <span
              class="explanation"
            >
              Continent: 
            </span>
            Europe
          </p>
          <p
            class="population"
          >
            <span
              class="explanation"
            >
              Population, mln: 
            </span>
            50
          </p>
          <p
            class="gdp"
          >
            <span
              class="explanation"
            >
              GDP, $bln: 
            </span>
            1280
          </p>
        </div>
        <div
          class="card"
        >
          <div
            class="title-wrapper"
          >
            <img
              alt="flag"
              class="flag-image"
              src="Flag_of_Mexico.png"
            />
            <p
              class="country"
            >
              Mexico
            </p>
          </div>
          <p
            class="continent"
          >
            <span
              class="explanation"
            >
              Continent: 
            </span>
            North America
          </p>
          <p
            class="population"
          >
            <span
              class="explanation"
            >
              Population, mln: 
            </span>
            131.6
          </p>
          <p
            class="gdp"
          >
            <span
              class="explanation"
            >
              GDP, $bln: 
            </span>
            1080
          </p>
        </div>
        <div
          class="card"
        >
          <div
            class="title-wrapper"
          >
            <img
              alt="flag"
              class="flag-image"
              src="Flag_of_Indonesia.png"
            />
            <p
              class="country"
            >
              Indonesia
            </p>
          </div>
          <p
            class="continent"
          >
            <span
              class="explanation"
            >
              Continent: 
            </span>
            Asia
          </p>
          <p
            class="population"
          >
            <span
              class="explanation"
            >
              Population, mln: 
            </span>
            279.1
          </p>
          <p
            class="gdp"
          >
            <span
              class="explanation"
            >
              GDP, $bln: 
            </span>
            1060
          </p>
        </div>
        <div
          class="card"
        >
          <div
            class="title-wrapper"
          >
            <img
              alt="flag"
              class="flag-image"
              src="Flag_of_Switzerland.png"
            />
            <p
              class="country"
            >
              Switzerland
            </p>
          </div>
          <p
            class="continent"
          >
            <span
              class="explanation"
            >
              Continent: 
            </span>
            Europe
          </p>
          <p
            class="population"
          >
            <span
              class="explanation"
            >
              Population, mln: 
            </span>
            15
          </p>
          <p
            class="gdp"
          >
            <span
              class="explanation"
            >
              GDP, $bln: 
            </span>
            750
          </p>
        </div>
        <div
          class="card"
        >
          <div
            class="title-wrapper"
          >
            <img
              alt="flag"
              class="flag-image"
              src="Flag_of_Turkey.png"
            />
            <p
              class="country"
            >
              Turkey
            </p>
          </div>
          <p
            class="continent"
          >
            <span
              class="explanation"
            >
              Continent: 
            </span>
            Europe
          </p>
          <p
            class="population"
          >
            <span
              class="explanation"
            >
              Population, mln: 
            </span>
            85.6
          </p>
          <p
            class="gdp"
          >
            <span
              class="explanation"
            >
              GDP, $bln: 
            </span>
            720
          </p>
        </div>
        <div
          class="card"
        >
          <div
            class="title-wrapper"
          >
            <img
              alt="flag"
              class="flag-image"
              src="Flag_of_Saudi_Arabia.png"
            />
            <p
              class="country"
            >
              Saudi Arabia
            </p>
          </div>
          <p
            class="continent"
          >
            <span
              class="explanation"
            >
              Continent: 
            </span>
            Asia
          </p>
          <p
            class="population"
          >
            <span
              class="explanation"
            >
              Population, mln: 
            </span>
            35.8
          </p>
          <p
            class="gdp"
          >
            <span
              class="explanation"
            >
              GDP, $bln: 
            </span>
            700
          </p>
        </div>
        <div
          class="card"
        >
          <div
            class="title-wrapper"
          >
            <img
              alt="flag"
              class="flag-image"
              src="Flag_of_Argentina.png"
            />
            <p
              class="country"
            >
              Argentina
            </p>
          </div>
          <p
            class="continent"
          >
            <span
              class="explanation"
            >
              Continent: 
            </span>
            South America
          </p>
          <p
            class="population"
          >
            <span
              class="explanation"
            >
              Population, mln: 
            </span>
            46
          </p>
          <p
            class="gdp"
          >
            <span
              class="explanation"
            >
              GDP, $bln: 
            </span>
            380
          </p>
        </div>
        <div
          class="card"
        >
          <div
            class="title-wrapper"
          >
            <img
              alt="flag"
              class="flag-image"
              src="Flag_of_Singapore.png"
            />
            <p
              class="country"
            >
              Singapore
            </p>
          </div>
          <p
            class="continent"
          >
            <span
              class="explanation"
            >
              Continent: 
            </span>
            Asia
          </p>
          <p
            class="population"
          >
            <span
              class="explanation"
            >
              Population, mln: 
            </span>
            25
          </p>
          <p
            class="gdp"
          >
            <span
              class="explanation"
            >
              GDP, $bln: 
            </span>
            340
          </p>
        </div>
        <div
          class="card"
        >
          <div
            class="title-wrapper"
          >
            <img
              alt="flag"
              class="flag-image"
              src="Flag_of_South_Africa.png"
            />
            <p
              class="country"
            >
              South Africa
            </p>
          </div>
          <p
            class="continent"
          >
            <span
              class="explanation"
            >
              Continent: 
            </span>
            Africa
          </p>
          <p
            class="population"
          >
            <span
              class="explanation"
            >
              Population, mln: 
            </span>
            43
          </p>
          <p
            class="gdp"
          >
            <span
              class="explanation"
            >
              GDP, $bln: 
            </span>
            300
          </p>
        </div>
      </div>
    </div>
    <footer
      class="footer"
    >
      <img
        alt="logo of RS School"
        class="logo"
        src="https://rs.school/images/rs_school_js.svg"
      />
      <a
        href="mailto:mlatysheva@gmail.com"
      >
        Maria Latysheva © 2022
      </a>
      <a
        class="rsschool"
        href="https://rs.school"
      >
        The Rolling Slopes School
      </a>
      <a
        class="mygit"
        href="https://github.com/mlatysheva"
      >
        mlatysheva
      </a>
    </footer>
  </div>
</DocumentFragment>
`;
